[html.creativegigstf.com/jobi/jobi/index-6.html]
[backblue.gif]
[fade.gif]
[index.html]
[html.creativegigstf.com/jobi/jobi/images/assets/ogg.png]
[html.creativegigstf.com/jobi/jobi/images/fav-icon/icon.png]
[html.creativegigstf.com/jobi/jobi/css/bootstrap.min.css]
[html.creativegigstf.com/jobi/jobi/css/style.min.css]
[html.creativegigstf.com/jobi/jobi/css/responsive.css]
[html.creativegigstf.com/jobi/jobi/index.html]
[html.creativegigstf.com/jobi/jobi/images/logo/logo_06.png]
[html.creativegigstf.com/jobi/jobi/dashboard/employer-dashboard-submit-job.html]
[html.creativegigstf.com/jobi/jobi/dashboard/candidate-dashboard-index.html]
[html.creativegigstf.com/jobi/jobi/dashboard/employer-dashboard-index.html]
[html.creativegigstf.com/jobi/jobi/index-2.html]
[html.creativegigstf.com/jobi/jobi/index-3.html]
[html.creativegigstf.com/jobi/jobi/index-4.html]
[html.creativegigstf.com/jobi/jobi/index-5.html]
[html.creativegigstf.com/jobi/jobi/index-7.html]
[html.creativegigstf.com/jobi/jobi/job-list-v1.html]
[html.creativegigstf.com/jobi/jobi/job-list-v2.html]
[html.creativegigstf.com/jobi/jobi/job-list-v3.html]
[html.creativegigstf.com/jobi/jobi/job-grid-v1.html]
[html.creativegigstf.com/jobi/jobi/job-grid-v2.html]
[html.creativegigstf.com/jobi/jobi/job-grid-v3.html]
[html.creativegigstf.com/jobi/jobi/job-details-v1.html]
[html.creativegigstf.com/jobi/jobi/job-details-v2.html]
[html.creativegigstf.com/jobi/jobi/candidates-v1.html]
[html.creativegigstf.com/jobi/jobi/candidates-v2.html]
[html.creativegigstf.com/jobi/jobi/candidates-v3.html]
[html.creativegigstf.com/jobi/jobi/candidates-v4.html]
[html.creativegigstf.com/jobi/jobi/candidate-profile-v1.html]
[html.creativegigstf.com/jobi/jobi/candidate-profile-v2.html]
[html.creativegigstf.com/jobi/jobi/company-v1.html]
[html.creativegigstf.com/jobi/jobi/company-v2.html]
[html.creativegigstf.com/jobi/jobi/company-v3.html]
[html.creativegigstf.com/jobi/jobi/company-v4.html]
[html.creativegigstf.com/jobi/jobi/company-details.html]
[html.creativegigstf.com/jobi/jobi/about-us.html]
[html.creativegigstf.com/jobi/jobi/pricing.html]
[html.creativegigstf.com/jobi/jobi/faq.html]
[html.creativegigstf.com/jobi/jobi/signup.html]
[html.creativegigstf.com/jobi/jobi/404.html]
[html.creativegigstf.com/jobi/jobi/blog-v1.html]
[html.creativegigstf.com/jobi/jobi/blog-v2.html]
[html.creativegigstf.com/jobi/jobi/blog-v3.html]
[html.creativegigstf.com/jobi/jobi/blog-details.html]
[html.creativegigstf.com/jobi/jobi/contact.html]
[html.creativegigstf.com/jobi/jobi/images/assets/banner_img_01.jpg]
[html.creativegigstf.com/jobi/jobi/images/assets/banner_img_02.jpg]
[html.creativegigstf.com/jobi/jobi/images/logo/media_03.png]
[html.creativegigstf.com/jobi/jobi/images/logo/media_04.png]
[html.creativegigstf.com/jobi/jobi/images/logo/media_05.png]
[html.creativegigstf.com/jobi/jobi/images/logo/media_06.png]
[html.creativegigstf.com/jobi/jobi/images/logo/media_07.png]
[html.creativegigstf.com/jobi/jobi/images/logo/media_08.png]
[html.creativegigstf.com/jobi/jobi/images/lazy.svg]
[html.creativegigstf.com/jobi/jobi/images/assets/img_16.jpg]
[html.creativegigstf.com/jobi/jobi/images/assets/img_17.jpg]
[html.creativegigstf.com/jobi/jobi/images/assets/img_18.jpg]
[html.creativegigstf.com/jobi/jobi/images/assets/img_19.jpg]
[html.creativegigstf.com/jobi/jobi/images/icon/icon_41.svg]
[html.creativegigstf.com/jobi/jobi/images/assets/img_14.jpg]
[html.creativegigstf.com/jobi/jobi/images/assets/img_15.jpg]
[html.creativegigstf.com/jobi/jobi/images/icon/icon_60.svg]
[html.creativegigstf.com/jobi/jobi/images/icon/google.png]
[html.creativegigstf.com/jobi/jobi/images/icon/facebook.png]
[html.creativegigstf.com/jobi/jobi/vendor/jquery.min.js]
[html.creativegigstf.com/jobi/jobi/vendor/bootstrap/js/bootstrap.bundle.min.js]
[html.creativegigstf.com/jobi/jobi/vendor/wow/wow.min.js]
[html.creativegigstf.com/jobi/jobi/vendor/slick/slick.min.js]
[html.creativegigstf.com/jobi/jobi/vendor/fancybox/dist/jquery.fancybox.min.js]
[html.creativegigstf.com/jobi/jobi/vendor/jquery.lazy.min.js]
[html.creativegigstf.com/jobi/jobi/vendor/jquery.counterup.min.js]
[html.creativegigstf.com/jobi/jobi/vendor/jquery.waypoints.min.js]
[html.creativegigstf.com/jobi/jobi/vendor/nice-select/jquery.nice-select.min.js]
[html.creativegigstf.com/jobi/jobi/vendor/validator.js]
[html.creativegigstf.com/jobi/jobi/index-6.html]
[html.creativegigstf.com/jobi/jobi/css/bootstrap.min.css]
[html.creativegigstf.com/jobi/jobi/js/theme.js]
[html.creativegigstf.com/jobi/jobi/fonts/gordita/stylesheet.css]
[html.creativegigstf.com/jobi/jobi/fonts/bootstrap-icons-1.10.2/font.css]
[html.creativegigstf.com/jobi/jobi/images/shape/bg_shape_01.png]
[html.creativegigstf.com/jobi/jobi/images/assets/img_27.jpg]
[html.creativegigstf.com/jobi/jobi/images/assets/img_29.jpg]
[html.creativegigstf.com/jobi/jobi/images/assets/img_20.jpg]
[html.creativegigstf.com/jobi/jobi/images/assets/img_21.jpg]
[html.creativegigstf.com/jobi/jobi/images/assets/img_28.jpg]
[html.creativegigstf.com/jobi/jobi/images/assets/img_40.jpg]
[html.creativegigstf.com/jobi/jobi/images/shape/shape_34.svg]
[html.creativegigstf.com/jobi/jobi/images/assets/img_45.jpg]
[html.creativegigstf.com/jobi/jobi/images/shape/arrow_01.svg]
[html.creativegigstf.com/jobi/jobi/images/shape/arrow_02.svg]
[html.creativegigstf.com/jobi/jobi/images/candidates/img_10.jpg]
[html.creativegigstf.com/jobi/jobi/images/assets/img_39.jpg]
[html.creativegigstf.com/jobi/jobi/css/style.min.css]
[html.creativegigstf.com/jobi/jobi/css/responsive.css]
[html.creativegigstf.com/jobi/jobi/images/loader.svg]
[html.creativegigstf.com/jobi/jobi/images/logo/logo_01.png]
[html.creativegigstf.com/jobi/jobi/images/assets/img_05.jpg]
[html.creativegigstf.com/jobi/jobi/images/assets/img_06.jpg]
[html.creativegigstf.com/jobi/jobi/images/assets/img_07.jpg]
[html.creativegigstf.com/jobi/jobi/images/assets/img_08.jpg]
[html.creativegigstf.com/jobi/jobi/images/logo/media_01.png]
[html.creativegigstf.com/jobi/jobi/images/logo/media_02.png]
[html.creativegigstf.com/jobi/jobi/images/logo/logo_03.png]
[html.creativegigstf.com/jobi/jobi/index.html]
[html.creativegigstf.com/jobi/jobi/dashboard/images/logo_01.png]
[html.creativegigstf.com/jobi/jobi/dashboard/candidate-dashboard-profile.html]
[html.creativegigstf.com/jobi/jobi/dashboard/candidate-dashboard-settings.html]
[html.creativegigstf.com/jobi/jobi/dashboard/employer-dashboard-profile.html]
[html.creativegigstf.com/jobi/jobi/dashboard/employer-dashboard-jobs.html]
[html.creativegigstf.com/jobi/jobi/dashboard/employer-dashboard-message.html]
[html.creativegigstf.com/jobi/jobi/dashboard/employer-dashboard-saved-candidate.html]
[html.creativegigstf.com/jobi/jobi/dashboard/employer-dashboard-membership.html]
[html.creativegigstf.com/jobi/jobi/dashboard/employer-dashboard-submit-job.html]
[html.creativegigstf.com/jobi/jobi/dashboard/employer-dashboard-settings.html]
[html.creativegigstf.com/jobi/jobi/dashboard/candidate-dashboard-resume.html]
[html.creativegigstf.com/jobi/jobi/dashboard/candidate-dashboard-message.html]
[html.creativegigstf.com/jobi/jobi/dashboard/candidate-dashboard-job-alert.html]
[html.creativegigstf.com/jobi/jobi/dashboard/candidate-dashboard-index.html]
[html.creativegigstf.com/jobi/jobi/dashboard/employer-dashboard-index.html]
[html.creativegigstf.com/jobi/jobi/dashboard/candidate-dashboard-saved-jobs.html]
[html.creativegigstf.com/jobi/jobi/images/logo/logo_04.png]
[html.creativegigstf.com/jobi/jobi/images/shape/shape_26.svg]
[html.creativegigstf.com/jobi/jobi/index-2.html]
[html.creativegigstf.com/jobi/jobi/index-3.html]
[html.creativegigstf.com/jobi/jobi/images/logo/media_27.png]
[html.creativegigstf.com/jobi/jobi/images/logo/media_28.png]
[html.creativegigstf.com/jobi/jobi/index-4.html]
[html.creativegigstf.com/jobi/jobi/images/assets/img_30.jpg]
[html.creativegigstf.com/jobi/jobi/images/assets/img_31.jpg]
[html.creativegigstf.com/jobi/jobi/images/assets/img_32.jpg]
[html.creativegigstf.com/jobi/jobi/images/assets/img_33.jpg]
[html.creativegigstf.com/jobi/jobi/images/assets/img_34.jpg]
[html.creativegigstf.com/jobi/jobi/images/assets/img_35.jpg]
[html.creativegigstf.com/jobi/jobi/index-5.html]
[html.creativegigstf.com/jobi/jobi/index-7.html]
[html.creativegigstf.com/jobi/jobi/vendor/isotope.pkgd.min.js]
[html.creativegigstf.com/jobi/jobi/job-list-v1.html]
[html.creativegigstf.com/jobi/jobi/job-list-v2.html]
[html.creativegigstf.com/jobi/jobi/images/icon/icon_51.svg]
[html.creativegigstf.com/jobi/jobi/job-list-v3.html]
[html.creativegigstf.com/jobi/jobi/job-grid-v1.html]
[html.creativegigstf.com/jobi/jobi/job-grid-v2.html]
[html.creativegigstf.com/jobi/jobi/job-grid-v3.html]
[html.creativegigstf.com/jobi/jobi/images/logo/media_22.png]
[html.creativegigstf.com/jobi/jobi/images/logo/media_23.png]
[html.creativegigstf.com/jobi/jobi/images/logo/media_24.png]
[html.creativegigstf.com/jobi/jobi/images/logo/media_25.png]
[html.creativegigstf.com/jobi/jobi/job-details-v1.html]
[html.creativegigstf.com/jobi/jobi/job-details-v2.html]
[html.creativegigstf.com/jobi/jobi/candidates-v1.html]
[html.creativegigstf.com/jobi/jobi/candidates-v2.html]
[html.creativegigstf.com/jobi/jobi/candidates-v3.html]
[html.creativegigstf.com/jobi/jobi/candidates-v4.html]
[html.creativegigstf.com/jobi/jobi/images/candidates/CP_01.jpg]
[html.creativegigstf.com/jobi/jobi/images/candidates/CP_02.jpg]
[html.creativegigstf.com/jobi/jobi/images/candidates/CP_03.jpg]
[html.creativegigstf.com/jobi/jobi/candidate-profile-v1.html]
[html.creativegigstf.com/jobi/jobi/candidate-profile-v2.html]
[html.creativegigstf.com/jobi/jobi/company-v1.html]
[html.creativegigstf.com/jobi/jobi/company-v2.html]
[html.creativegigstf.com/jobi/jobi/company-v3.html]
[html.creativegigstf.com/jobi/jobi/company-v4.html]
[html.creativegigstf.com/jobi/jobi/images/assets/img_22.jpg]
[html.creativegigstf.com/jobi/jobi/company-details.html]
[html.creativegigstf.com/jobi/jobi/about-us.html]
[html.creativegigstf.com/jobi/jobi/pricing.html]
[html.creativegigstf.com/jobi/jobi/faq.html]
[html.creativegigstf.com/jobi/jobi/signup.html]
[html.creativegigstf.com/jobi/jobi/images/icon/icon_61.svg]
[html.creativegigstf.com/jobi/jobi/404.html]
[html.creativegigstf.com/jobi/jobi/images/assets/404.svg]
[html.creativegigstf.com/jobi/jobi/blog-v1.html]
[html.creativegigstf.com/jobi/jobi/blog-v2.html]
[html.creativegigstf.com/jobi/jobi/blog-v3.html]
[html.creativegigstf.com/jobi/jobi/signin.html]
[html.creativegigstf.com/jobi/jobi/blog-details.html]
[html.creativegigstf.com/jobi/jobi/images/icon/icon_57.svg]
[html.creativegigstf.com/jobi/jobi/images/icon/icon_58.svg]
[html.creativegigstf.com/jobi/jobi/images/icon/icon_59.svg]
[html.creativegigstf.com/jobi/jobi/contact.html]
[html.creativegigstf.com/jobi/jobi/images/lazy.svg]
[html.creativegigstf.com/jobi/jobi/images/icon/icon_41.svg]
[html.creativegigstf.com/jobi/jobi/images/icon/icon_60.svg]
[html.creativegigstf.com/jobi/jobi/vendor/jquery.min.js]
[html.creativegigstf.com/jobi/jobi/vendor/bootstrap/js/bootstrap.bundle.min.js]
[html.creativegigstf.com/jobi/jobi/vendor/wow/wow.min.js]
[html.creativegigstf.com/jobi/jobi/vendor/slick/slick.min.js]
[html.creativegigstf.com/jobi/jobi/vendor/fancybox/dist/jquery.fancybox.min.js]
[html.creativegigstf.com/jobi/jobi/vendor/jquery.lazy.min.js]
[html.creativegigstf.com/jobi/jobi/vendor/jquery.counterup.min.js]
[html.creativegigstf.com/jobi/jobi/vendor/jquery.waypoints.min.js]
[html.creativegigstf.com/jobi/jobi/vendor/nice-select/jquery.nice-select.min.js]
[html.creativegigstf.com/jobi/jobi/vendor/validator.js]
[html.creativegigstf.com/jobi/jobi/inc/contact.html]
[html.creativegigstf.com/jobi/jobi/js/theme.js]
[html.creativegigstf.com/jobi/jobi/fonts/gordita/gordita_medium-webfont.woff2]
[html.creativegigstf.com/jobi/jobi/fonts/gordita/gordita_medium-webfont.woff]
[html.creativegigstf.com/jobi/jobi/fonts/gordita/gordita_regular-webfont.woff2]
[html.creativegigstf.com/jobi/jobi/fonts/gordita/gordita_regular-webfont.woff]
[html.creativegigstf.com/jobi/jobi/fonts/gordita/stylesheet.css]
[html.creativegigstf.com/jobi/jobi/fonts/bootstrap-icons-1.10.2/bootstrap-icons.woff2]
[html.creativegigstf.com/jobi/jobi/fonts/bootstrap-icons-1.10.2/bootstrap-icons.woff]
[html.creativegigstf.com/jobi/jobi/fonts/bootstrap-icons-1.10.2/font.css]
[html.creativegigstf.com/jobi/jobi/images/icon/icon_62.svg]
[html.creativegigstf.com/jobi/jobi/images/shape/shape_11.svg]
[html.creativegigstf.com/jobi/jobi/images/shape/shape_33.svg]
[html.creativegigstf.com/jobi/jobi/images/shape/shape_34.svg]
[html.creativegigstf.com/jobi/jobi/images/icon/icon_07.svg]
[html.creativegigstf.com/jobi/jobi/images/icon/icon_20.svg]
[html.creativegigstf.com/jobi/jobi/images/icon/icon_40.svg]
[html.creativegigstf.com/jobi/jobi/images/shape/arrow_01.svg]
[html.creativegigstf.com/jobi/jobi/images/shape/arrow_02.svg]
[html.creativegigstf.com/jobi/jobi/images/icon/icon_49.svg]
[html.creativegigstf.com/jobi/jobi/dashboard/images/icon/icon_17.svg]
[html.creativegigstf.com/jobi/jobi/dashboard/candidate-dashboard-profile.html]
[html.creativegigstf.com/jobi/jobi/dashboard/candidate-dashboard-settings.html]
[html.creativegigstf.com/jobi/jobi/dashboard/employer-dashboard-profile.html]
[html.creativegigstf.com/jobi/jobi/dashboard/employer-dashboard-jobs.html]
[html.creativegigstf.com/jobi/jobi/dashboard/employer-dashboard-message.html]
[html.creativegigstf.com/jobi/jobi/dashboard/employer-dashboard-saved-candidate.html]
[html.creativegigstf.com/jobi/jobi/dashboard/employer-dashboard-membership.html]
[html.creativegigstf.com/jobi/jobi/dashboard/candidate-dashboard-settings(pass-change).html]
[html.creativegigstf.com/jobi/jobi/dashboard/employer-dashboard-settings.html]
[html.creativegigstf.com/jobi/jobi/dashboard/employer-dashboard-settings(pass-change).html]
[html.creativegigstf.com/jobi/jobi/dashboard/images/video_post.jpg]
[html.creativegigstf.com/jobi/jobi/dashboard/candidate-dashboard-resume.html]
[html.creativegigstf.com/jobi/jobi/dashboard/candidate-dashboard-message.html]
[html.creativegigstf.com/jobi/jobi/dashboard/candidate-dashboard-job-alert.html]
[html.creativegigstf.com/jobi/jobi/dashboard/candidate-dashboard-saved-jobs.html]
[html.creativegigstf.com/jobi/jobi/images/shape/shape_26.svg]
[html.creativegigstf.com/jobi/jobi/vendor/isotope.pkgd.min.js]
[html.creativegigstf.com/jobi/jobi/images/icon/icon_50.svg]
[html.creativegigstf.com/jobi/jobi/images/icon/icon_51.svg]
[html.creativegigstf.com/jobi/jobi/images/icon/icon_61.svg]
[html.creativegigstf.com/jobi/jobi/images/assets/404.svg]
[html.creativegigstf.com/jobi/jobi/signin.html]
[html.creativegigstf.com/jobi/jobi/images/icon/icon_57.svg]
[html.creativegigstf.com/jobi/jobi/images/icon/icon_58.svg]
[html.creativegigstf.com/jobi/jobi/images/icon/icon_59.svg]
[html.creativegigstf.com/jobi/jobi/inc/contact.html]
[html.creativegigstf.com/jobi/jobi/dashboard/candidate-dashboard-settings(pass-change).html]
[html.creativegigstf.com/jobi/jobi/dashboard/employer-dashboard-settings(pass-change).html]
